---
source: src/ui/components/views/iteration_graph.rs
expression: out
---

  Iter
  3 phases · 3 tasks

  ◆  Phase 1  ──
  ●  aaaaaaaa  phase one task                       ● done
  │
  ◆  Phase 2  ──
  ◐  bbbbbbbb  phase two task                       ◐ in progress
  │
  ◆  Phase 3  ──
  ○  cccccccc  phase three task                     ○ open
