---
source: src/ui/components/views/iteration_graph.rs
expression: out
---

  Iter
  1 phase · 3 tasks

  ◆  Phase 1  ──
  ├─╮─╮
  ● │ │  aaaaaaaa  first task                           ● done
  │ ◐ │  bbbbbbbb  second task                          ◐ in progress
  │ │ ○  cccccccc  third task                           ○ open
  ╰─╯─╯
